2026-09-14 02:35:50.897: [INFO] CurrentProfilePath: C:\Users\infan\OneDrive\Escritorio\TC_GRUPO3-main\.metadata\.plugins\org.eclipse.swt\EBWebView\Default
2026-09-14 02:35:50.897: [INFO] Profiles total count: 1
2026-09-14 02:35:50.897: [INFO] Profile: name=Perfil 1 path=C:\Users\infan\OneDrive\Escritorio\TC_GRUPO3-main\.metadata\.plugins\org.eclipse.swt\EBWebView\Default lastActive=2026-09-14T02:35:37.805Z
2026-09-14 02:35:50.897: [INFO] LastUsedProfileDir: C:\Users\infan\OneDrive\Escritorio\TC_GRUPO3-main\.metadata\.plugins\org.eclipse.swt\EBWebView\Default
2026-09-14 02:35:50.897: [INFO] MostRecentlyActiveProfile: name=Perfil 1 path=C:\Users\infan\OneDrive\Escritorio\TC_GRUPO3-main\.metadata\.plugins\org.eclipse.swt\EBWebView\Default lastActive=2026-09-14T02:35:37.805Z
2026-09-14 02:35:50.897: [INFO] OnDoneLoading sync enabled: 0
2026-09-14 02:35:50.897: [INFO] BookmarkModelLoaded, ids_reassigned: 0
2026-09-14 02:35:50.897: [INFO] BookmarksLoadDropped droppedNodes=0
2026-09-14 02:35:50.897: [INFO] BookmarksSnapshot Startup total=0 bar=0 other=0 mobile=0 showBar=0 showBarNTP=1
2026-09-14 02:49:16.779: [INFO] BookmarksSnapshot Shutdown total=0 bar=0 other=0 mobile=0 showBar=0 showBarNTP=1
2026-09-14 02:50:16.967: [INFO] CurrentProfilePath: C:\Users\infan\OneDrive\Escritorio\TC_GRUPO3-main\.metadata\.plugins\org.eclipse.swt\EBWebView\Default
2026-09-14 02:50:16.967: [INFO] Profiles total count: 1
2026-09-14 02:50:16.967: [INFO] Profile: name=Perfil 1 path=C:\Users\infan\OneDrive\Escritorio\TC_GRUPO3-main\.metadata\.plugins\org.eclipse.swt\EBWebView\Default lastActive=2026-09-14T02:41:52.804Z
2026-09-14 02:50:16.967: [INFO] LastUsedProfileDir: C:\Users\infan\OneDrive\Escritorio\TC_GRUPO3-main\.metadata\.plugins\org.eclipse.swt\EBWebView\Default
2026-09-14 02:50:16.967: [INFO] MostRecentlyActiveProfile: name=Perfil 1 path=C:\Users\infan\OneDrive\Escritorio\TC_GRUPO3-main\.metadata\.plugins\org.eclipse.swt\EBWebView\Default lastActive=2026-09-14T02:41:52.804Z
2026-09-14 02:50:16.967: [INFO] OnDoneLoading sync enabled: 0
2026-09-14 02:50:16.967: [INFO] BookmarkModelLoaded, ids_reassigned: 0
2026-09-14 02:50:16.967: [INFO] BookmarksLoadDropped droppedNodes=0
2026-09-14 02:50:16.967: [INFO] BookmarksSnapshot Startup total=0 bar=0 other=0 mobile=0 showBar=0 showBarNTP=1
2026-09-14 02:51:24.505: [INFO] BookmarksSnapshot Shutdown total=0 bar=0 other=0 mobile=0 showBar=0 showBarNTP=1
